<?php return array (
  0 => 'Symfony\\Bundle\\FrameworkBundle\\Controller\\AbstractController',
  1 => 'AppBundle\\Controller\\DefaultController',
  2 => 'Doctrine\\Bundle\\DoctrineBundle\\Controller\\ProfilerController',
  3 => 'FOS\\JsRoutingBundle\\Controller\\Controller',
  4 => 'Pimcore\\Bundle\\AdminBundle\\Controller\\AdminController',
  5 => 'Pimcore\\Bundle\\AdminBundle\\Controller\\AdminControllerInterface',
  6 => 'Pimcore\\Bundle\\AdminBundle\\Controller\\Admin\\AssetController',
  7 => 'Pimcore\\Bundle\\AdminBundle\\Controller\\Admin\\Asset\\AssetHelperController',
  8 => 'Pimcore\\Bundle\\AdminBundle\\Controller\\Admin\\DataObject\\ClassController',
  9 => 'Pimcore\\Bundle\\AdminBundle\\Controller\\Admin\\DataObject\\ClassificationstoreController',
  10 => 'Pimcore\\Bundle\\AdminBundle\\Controller\\Admin\\DataObject\\DataObjectController',
  11 => 'Pimcore\\Bundle\\AdminBundle\\Controller\\Admin\\DataObject\\DataObjectHelperController',
  12 => 'Pimcore\\Bundle\\AdminBundle\\Controller\\Admin\\DataObject\\QuantityValueController',
  13 => 'Pimcore\\Bundle\\AdminBundle\\Controller\\Admin\\DataObject\\VariantsController',
  14 => 'Pimcore\\Bundle\\AdminBundle\\Controller\\Admin\\Document\\DocumentController',
  15 => 'Pimcore\\Bundle\\AdminBundle\\Controller\\Admin\\Document\\DocumentControllerBase',
  16 => 'Pimcore\\Bundle\\AdminBundle\\Controller\\Admin\\Document\\EmailController',
  17 => 'Pimcore\\Bundle\\AdminBundle\\Controller\\Admin\\Document\\FolderController',
  18 => 'Pimcore\\Bundle\\AdminBundle\\Controller\\Admin\\Document\\HardlinkController',
  19 => 'Pimcore\\Bundle\\AdminBundle\\Controller\\Admin\\Document\\LinkController',
  20 => 'Pimcore\\Bundle\\AdminBundle\\Controller\\Admin\\Document\\NewsletterController',
  21 => 'Pimcore\\Bundle\\AdminBundle\\Controller\\Admin\\Document\\PageController',
  22 => 'Pimcore\\Bundle\\AdminBundle\\Controller\\Admin\\Document\\PrintcontainerController',
  23 => 'Pimcore\\Bundle\\AdminBundle\\Controller\\Admin\\Document\\PrintpageController',
  24 => 'Pimcore\\Bundle\\AdminBundle\\Controller\\Admin\\Document\\PrintpageControllerBase',
  25 => 'Pimcore\\Bundle\\AdminBundle\\Controller\\Admin\\Document\\RenderletController',
  26 => 'Pimcore\\Bundle\\AdminBundle\\Controller\\Admin\\Document\\SnippetController',
  27 => 'Pimcore\\Bundle\\AdminBundle\\Controller\\Admin\\ElementController',
  28 => 'Pimcore\\Bundle\\AdminBundle\\Controller\\Admin\\ElementControllerBase',
  29 => 'Pimcore\\Bundle\\AdminBundle\\Controller\\Admin\\EmailController',
  30 => 'Pimcore\\Bundle\\AdminBundle\\Controller\\Admin\\External\\AdminerController',
  31 => 'Pimcore\\Bundle\\AdminBundle\\Controller\\Admin\\External\\LinfoController',
  32 => 'Pimcore\\Bundle\\AdminBundle\\Controller\\Admin\\External\\OpcacheController',
  33 => 'Pimcore\\Bundle\\AdminBundle\\Controller\\Admin\\IndexController',
  34 => 'Pimcore\\Bundle\\AdminBundle\\Controller\\Admin\\InstallController',
  35 => 'Pimcore\\Bundle\\AdminBundle\\Controller\\Admin\\LogController',
  36 => 'Pimcore\\Bundle\\AdminBundle\\Controller\\Admin\\LoginController',
  37 => 'Pimcore\\Bundle\\AdminBundle\\Controller\\Admin\\MiscController',
  38 => 'Pimcore\\Bundle\\AdminBundle\\Controller\\Admin\\NotificationController',
  39 => 'Pimcore\\Bundle\\AdminBundle\\Controller\\Admin\\PortalController',
  40 => 'Pimcore\\Bundle\\AdminBundle\\Controller\\Admin\\RecyclebinController',
  41 => 'Pimcore\\Bundle\\AdminBundle\\Controller\\Admin\\RedirectsController',
  42 => 'Pimcore\\Bundle\\AdminBundle\\Controller\\Admin\\SettingsController',
  43 => 'Pimcore\\Bundle\\AdminBundle\\Controller\\Admin\\TagsController',
  44 => 'Pimcore\\Bundle\\AdminBundle\\Controller\\Admin\\TargetingController',
  45 => 'Pimcore\\Bundle\\AdminBundle\\Controller\\Admin\\TranslationController',
  46 => 'Pimcore\\Bundle\\AdminBundle\\Controller\\Admin\\UserController',
  47 => 'Pimcore\\Bundle\\AdminBundle\\Controller\\Admin\\WorkflowController',
  48 => 'Pimcore\\Bundle\\AdminBundle\\Controller\\BruteforceProtectedControllerInterface',
  49 => 'Pimcore\\Bundle\\AdminBundle\\Controller\\DoubleAuthenticationControllerInterface',
  50 => 'Pimcore\\Bundle\\AdminBundle\\Controller\\ExtensionManager\\ExtensionManagerController',
  51 => 'Pimcore\\Bundle\\AdminBundle\\Controller\\GDPR\\AdminController',
  52 => 'Pimcore\\Bundle\\AdminBundle\\Controller\\GDPR\\AssetController',
  53 => 'Pimcore\\Bundle\\AdminBundle\\Controller\\GDPR\\DataObjectController',
  54 => 'Pimcore\\Bundle\\AdminBundle\\Controller\\GDPR\\PimcoreUsersController',
  55 => 'Pimcore\\Bundle\\AdminBundle\\Controller\\GDPR\\SentMailController',
  56 => 'Pimcore\\Bundle\\AdminBundle\\Controller\\Reports\\AnalyticsController',
  57 => 'Pimcore\\Bundle\\AdminBundle\\Controller\\Reports\\CustomReportController',
  58 => 'Pimcore\\Bundle\\AdminBundle\\Controller\\Reports\\PiwikController',
  59 => 'Pimcore\\Bundle\\AdminBundle\\Controller\\Reports\\QrcodeController',
  60 => 'Pimcore\\Bundle\\AdminBundle\\Controller\\Reports\\ReportsControllerBase',
  61 => 'Pimcore\\Bundle\\AdminBundle\\Controller\\Reports\\SettingsController',
  62 => 'Pimcore\\Bundle\\AdminBundle\\Controller\\Rest\\AbstractRestController',
  63 => 'Pimcore\\Bundle\\AdminBundle\\Controller\\Rest\\ClassController',
  64 => 'Pimcore\\Bundle\\AdminBundle\\Controller\\Rest\\Element\\AbstractElementController',
  65 => 'Pimcore\\Bundle\\AdminBundle\\Controller\\Rest\\Element\\AssetController',
  66 => 'Pimcore\\Bundle\\AdminBundle\\Controller\\Rest\\Element\\DataObjectController',
  67 => 'Pimcore\\Bundle\\AdminBundle\\Controller\\Rest\\Element\\DocumentController',
  68 => 'Pimcore\\Bundle\\AdminBundle\\Controller\\Rest\\Element\\TagController',
  69 => 'Pimcore\\Bundle\\AdminBundle\\Controller\\Rest\\Helper',
  70 => 'Pimcore\\Bundle\\AdminBundle\\Controller\\Rest\\ImageController',
  71 => 'Pimcore\\Bundle\\AdminBundle\\Controller\\Rest\\InfoController',
  72 => 'Pimcore\\Bundle\\AdminBundle\\Controller\\Searchadmin\\SearchController',
  73 => 'Pimcore\\Bundle\\AdminBundle\\Controller\\Traits\\AdminStyleTrait',
  74 => 'Pimcore\\Bundle\\AdminBundle\\Controller\\Traits\\ApplySchedulerDataTrait',
  75 => 'Pimcore\\Bundle\\AdminBundle\\Controller\\Traits\\DocumentTreeConfigTrait',
  76 => 'Pimcore\\Bundle\\CoreBundle\\Controller\\PublicServicesController',
  77 => 'Pimcore\\Bundle\\EcommerceFrameworkBundle\\Controller\\AdminOrderController',
  78 => 'Pimcore\\Bundle\\EcommerceFrameworkBundle\\Controller\\ConfigController',
  79 => 'Pimcore\\Bundle\\EcommerceFrameworkBundle\\Controller\\FindologicController',
  80 => 'Pimcore\\Bundle\\EcommerceFrameworkBundle\\Controller\\IndexController',
  81 => 'Pimcore\\Bundle\\EcommerceFrameworkBundle\\Controller\\PricingController',
  82 => 'Pimcore\\Bundle\\EcommerceFrameworkBundle\\Controller\\Reports\\PiwikController',
  83 => 'Pimcore\\Bundle\\EcommerceFrameworkBundle\\Controller\\VoucherController',
  84 => 'Pimcore\\Controller\\ArgumentValueResolver\\DocumentValueResolver',
  85 => 'Pimcore\\Controller\\ArgumentValueResolver\\EditmodeValueResolver',
  86 => 'Pimcore\\Controller\\ArgumentValueResolver\\TemplateVarsValueResolver',
  87 => 'Pimcore\\Controller\\ArgumentValueResolver\\ViewModelValueResolver',
  88 => 'Pimcore\\Controller\\ArgumentValueResolver\\WebsiteConfigValueResolver',
  89 => 'Pimcore\\Controller\\Config\\ConfigNormalizer',
  90 => 'Pimcore\\Controller\\Config\\ControllerDataProvider',
  91 => 'Pimcore\\Controller\\Configuration\\ResponseHeader',
  92 => 'Pimcore\\Controller\\Configuration\\TemplatePhp',
  93 => 'Pimcore\\Controller\\Controller',
  94 => 'Pimcore\\Controller\\EventedControllerInterface',
  95 => 'Pimcore\\Controller\\FrontendController',
  96 => 'Pimcore\\Controller\\KernelControllerEventInterface',
  97 => 'Pimcore\\Controller\\KernelResponseEventInterface',
  98 => 'Pimcore\\Controller\\TemplateControllerInterface',
  99 => 'Pimcore\\Controller\\Traits\\ElementEditLockHelperTrait',
  100 => 'Pimcore\\Controller\\Traits\\TemplateControllerTrait',
  101 => 'Presta\\SitemapBundle\\Controller\\SitemapController',
  102 => 'Scheb\\TwoFactorBundle\\Controller\\FormController',
  104 => 'Symfony\\Bundle\\FrameworkBundle\\Controller\\Controller',
  105 => 'Symfony\\Bundle\\FrameworkBundle\\Controller\\ControllerNameParser',
  106 => 'Symfony\\Bundle\\FrameworkBundle\\Controller\\ControllerResolver',
  107 => 'Symfony\\Bundle\\FrameworkBundle\\Controller\\ControllerTrait',
  108 => 'Symfony\\Bundle\\FrameworkBundle\\Controller\\RedirectController',
  109 => 'Symfony\\Bundle\\FrameworkBundle\\Controller\\TemplateController',
  110 => 'Symfony\\Bundle\\TwigBundle\\Controller\\ExceptionController',
  111 => 'Symfony\\Bundle\\TwigBundle\\Controller\\PreviewErrorController',
  112 => 'Symfony\\Bundle\\WebProfilerBundle\\Controller\\ExceptionController',
  113 => 'Symfony\\Bundle\\WebProfilerBundle\\Controller\\ExceptionPanelController',
  114 => 'Symfony\\Bundle\\WebProfilerBundle\\Controller\\ProfilerController',
  115 => 'Symfony\\Bundle\\WebProfilerBundle\\Controller\\RouterController',
  116 => 'Symfony\\Cmf\\Bundle\\RoutingBundle\\Controller\\RedirectController',
  117 => 'Symfony\\Component\\HttpKernel\\Controller\\ArgumentResolver',
  118 => 'Symfony\\Component\\HttpKernel\\Controller\\ArgumentResolverInterface',
  119 => 'Symfony\\Component\\HttpKernel\\Controller\\ArgumentResolver\\DefaultValueResolver',
  120 => 'Symfony\\Component\\HttpKernel\\Controller\\ArgumentResolver\\NotTaggedControllerValueResolver',
  121 => 'Symfony\\Component\\HttpKernel\\Controller\\ArgumentResolver\\RequestAttributeValueResolver',
  122 => 'Symfony\\Component\\HttpKernel\\Controller\\ArgumentResolver\\RequestValueResolver',
  123 => 'Symfony\\Component\\HttpKernel\\Controller\\ArgumentResolver\\ServiceValueResolver',
  124 => 'Symfony\\Component\\HttpKernel\\Controller\\ArgumentResolver\\SessionValueResolver',
  125 => 'Symfony\\Component\\HttpKernel\\Controller\\ArgumentResolver\\TraceableValueResolver',
  126 => 'Symfony\\Component\\HttpKernel\\Controller\\ArgumentResolver\\VariadicValueResolver',
  127 => 'Symfony\\Component\\HttpKernel\\Controller\\ArgumentValueResolverInterface',
  128 => 'Symfony\\Component\\HttpKernel\\Controller\\ContainerControllerResolver',
  129 => 'Symfony\\Component\\HttpKernel\\Controller\\ControllerReference',
  130 => 'Symfony\\Component\\HttpKernel\\Controller\\ControllerResolver',
  131 => 'Symfony\\Component\\HttpKernel\\Controller\\ControllerResolverInterface',
  132 => 'Symfony\\Component\\HttpKernel\\Controller\\ErrorController',
  133 => 'Symfony\\Component\\HttpKernel\\Controller\\TraceableArgumentResolver',
  134 => 'Symfony\\Component\\HttpKernel\\Controller\\TraceableControllerResolver',
  135 => 'Symfony\\Component\\Security\\Http\\Controller\\UserValueResolver',
);